From isla Require Import isla_lang.

Definition trace : list trc := [
  [
    Smt (DeclareConst 3%Z (Ty_BitVec 1%N)) Mk_annot;
    Smt (DeclareConst 4%Z (Ty_BitVec 2%N)) Mk_annot;
    Smt (DeclareConst 5%Z (Ty_BitVec 1%N)) Mk_annot;
    Smt (DeclareConst 6%Z (Ty_BitVec 1%N)) Mk_annot;
    Smt (DeclareConst 7%Z (Ty_BitVec 1%N)) Mk_annot;
    Smt (DeclareConst 8%Z (Ty_BitVec 1%N)) Mk_annot;
    Smt (DeclareConst 10%Z (Ty_BitVec 1%N)) Mk_annot;
    Smt (DeclareConst 11%Z (Ty_BitVec 4%N)) Mk_annot;
    Smt (DeclareConst 12%Z (Ty_BitVec 1%N)) Mk_annot;
    Smt (DeclareConst 13%Z (Ty_BitVec 1%N)) Mk_annot;
    Smt (DeclareConst 14%Z (Ty_BitVec 8%N)) Mk_annot;
    Smt (DeclareConst 15%Z (Ty_BitVec 1%N)) Mk_annot;
    Smt (DeclareConst 16%Z (Ty_BitVec 5%N)) Mk_annot;
    Smt (DeclareConst 17%Z (Ty_BitVec 1%N)) Mk_annot;
    Smt (DeclareConst 18%Z (Ty_BitVec 1%N)) Mk_annot;
    Smt (DeclareConst 19%Z (Ty_BitVec 1%N)) Mk_annot;
    Smt (DeclareConst 21%Z (Ty_BitVec 1%N)) Mk_annot;
    Smt (DeclareConst 22%Z (Ty_BitVec 1%N)) Mk_annot;
    Smt (DeclareConst 23%Z (Ty_BitVec 1%N)) Mk_annot;
    Smt (DeclareConst 24%Z (Ty_BitVec 1%N)) Mk_annot;
    Smt (DeclareConst 25%Z (Ty_BitVec 1%N)) Mk_annot;
    Smt (DeclareConst 26%Z (Ty_BitVec 1%N)) Mk_annot;
    Smt (DeclareConst 27%Z (Ty_BitVec 1%N)) Mk_annot;
    Smt (DeclareConst 28%Z (Ty_BitVec 1%N)) Mk_annot;
    Cycle Mk_annot;
    ReadReg "SEE" [] (Val_I (-1)%Z 128%Z) Mk_annot;
    WriteReg "SEE" [] (Val_I 1498%Z 128%Z) Mk_annot;
    WriteReg "__unconditional" [] (Val_Bool true) Mk_annot;
    ReadReg "__v85_implemented" [] (Val_Bool false) Mk_annot;
    ReadReg "PSTATE" [Field "Z"] (Val_Struct [("M", Val_Symbolic 16%Z); ("E", Val_Symbolic 8%Z); ("DIT", Val_Symbolic 7%Z); ("BTYPE", Val_Symbolic 4%Z); ("J", Val_Symbolic 15%Z); ("I", Val_Symbolic 12%Z); ("SP", Val_Bits [BV{1%N} 0x1%Z]); ("D", Val_Symbolic 6%Z); ("TCO", Val_Symbolic 24%Z); ("Z", Val_Symbolic 27%Z); ("A", Val_Symbolic 3%Z); ("IL", Val_Symbolic 13%Z); ("EL", Val_Bits [BV{2%N} 0x2%Z]); ("IT", Val_Symbolic 14%Z); ("SSBS", Val_Symbolic 22%Z); ("UAO", Val_Symbolic 25%Z); ("T", Val_Symbolic 23%Z); ("nRW", Val_Symbolic 28%Z); ("N", Val_Symbolic 17%Z); ("SS", Val_Symbolic 21%Z); ("Q", Val_Symbolic 19%Z); ("GE", Val_Symbolic 11%Z); ("V", Val_Symbolic 26%Z); ("PAN", Val_Symbolic 18%Z); ("C", Val_Symbolic 5%Z); ("F", Val_Symbolic 10%Z)]) Mk_annot;
    Smt (DefineConst 38%Z (Unop (Not) (Binop (Eq) (Val (Val_Symbolic 27%Z) Mk_annot) (Val (Val_Bits [BV{1%N} 0x1%Z]) Mk_annot) Mk_annot) Mk_annot)) Mk_annot;
    Branch 0%Z "model/aarch64.sail 12137:4 - 12139:5" Mk_annot;
    Smt (Assert (Val (Val_Symbolic 38%Z) Mk_annot)) Mk_annot;
    Smt (DeclareConst 39%Z (Ty_BitVec 64%N)) Mk_annot;
    ReadReg "_PC" [] (Val_Symbolic 39%Z) Mk_annot;
    Smt (DefineConst 40%Z (Manyop (Bvmanyarith Bvadd) [Val (Val_Symbolic 39%Z) Mk_annot; Val (Val_Bits [BV{64%N} 0xfffffffffffff3f0%Z]) Mk_annot] Mk_annot)) Mk_annot;
    ReadReg "PSTATE" [Field "nRW"] (Val_Struct [("M", Val_Symbolic 16%Z); ("E", Val_Symbolic 8%Z); ("DIT", Val_Symbolic 7%Z); ("BTYPE", Val_Symbolic 4%Z); ("J", Val_Symbolic 15%Z); ("I", Val_Symbolic 12%Z); ("SP", Val_Bits [BV{1%N} 0x1%Z]); ("D", Val_Symbolic 6%Z); ("TCO", Val_Symbolic 24%Z); ("Z", Val_Symbolic 27%Z); ("A", Val_Symbolic 3%Z); ("IL", Val_Symbolic 13%Z); ("EL", Val_Bits [BV{2%N} 0x2%Z]); ("IT", Val_Symbolic 14%Z); ("SSBS", Val_Symbolic 22%Z); ("UAO", Val_Symbolic 25%Z); ("T", Val_Symbolic 23%Z); ("nRW", Val_Symbolic 28%Z); ("N", Val_Symbolic 17%Z); ("SS", Val_Symbolic 21%Z); ("Q", Val_Symbolic 19%Z); ("GE", Val_Symbolic 11%Z); ("V", Val_Symbolic 26%Z); ("PAN", Val_Symbolic 18%Z); ("C", Val_Symbolic 5%Z); ("F", Val_Symbolic 10%Z)]) Mk_annot;
    Smt (DefineConst 52%Z (Binop (Eq) (Val (Val_Symbolic 28%Z) Mk_annot) (Val (Val_Bits [BV{1%N} 0x1%Z]) Mk_annot) Mk_annot)) Mk_annot;
    ReadReg "CFG_ID_AA64PFR0_EL1_EL0" [] (Val_Bits [BV{4%N} 0x1%Z]) Mk_annot;
    ReadReg "CFG_ID_AA64PFR0_EL1_EL1" [] (Val_Bits [BV{4%N} 0x1%Z]) Mk_annot;
    ReadReg "CFG_ID_AA64PFR0_EL1_EL2" [] (Val_Bits [BV{4%N} 0x1%Z]) Mk_annot;
    ReadReg "CFG_ID_AA64PFR0_EL1_EL3" [] (Val_Bits [BV{4%N} 0x1%Z]) Mk_annot;
    Smt (Assert (Unop (Not) (Val (Val_Symbolic 52%Z) Mk_annot) Mk_annot)) Mk_annot;
    ReadReg "__highest_el_aarch32" [] (Val_Bool false) Mk_annot;
    Smt (Assert (Unop (Not) (Val (Val_Symbolic 52%Z) Mk_annot) Mk_annot)) Mk_annot;
    Smt (DefineConst 55%Z (Val (Val_Symbolic 40%Z) Mk_annot)) Mk_annot;
    BranchAddress (Val_Symbolic 55%Z) Mk_annot;
    Smt (DefineConst 56%Z (Val (Val_Symbolic 40%Z) Mk_annot)) Mk_annot;
    ReadReg "PSTATE" [Field "nRW"] (Val_Struct [("M", Val_Symbolic 16%Z); ("E", Val_Symbolic 8%Z); ("DIT", Val_Symbolic 7%Z); ("BTYPE", Val_Symbolic 4%Z); ("J", Val_Symbolic 15%Z); ("I", Val_Symbolic 12%Z); ("SP", Val_Bits [BV{1%N} 0x1%Z]); ("D", Val_Symbolic 6%Z); ("TCO", Val_Symbolic 24%Z); ("Z", Val_Symbolic 27%Z); ("A", Val_Symbolic 3%Z); ("IL", Val_Symbolic 13%Z); ("EL", Val_Bits [BV{2%N} 0x2%Z]); ("IT", Val_Symbolic 14%Z); ("SSBS", Val_Symbolic 22%Z); ("UAO", Val_Symbolic 25%Z); ("T", Val_Symbolic 23%Z); ("nRW", Val_Symbolic 28%Z); ("N", Val_Symbolic 17%Z); ("SS", Val_Symbolic 21%Z); ("Q", Val_Symbolic 19%Z); ("GE", Val_Symbolic 11%Z); ("V", Val_Symbolic 26%Z); ("PAN", Val_Symbolic 18%Z); ("C", Val_Symbolic 5%Z); ("F", Val_Symbolic 10%Z)]) Mk_annot;
    Smt (DefineConst 57%Z (Binop (Eq) (Val (Val_Symbolic 28%Z) Mk_annot) (Val (Val_Bits [BV{1%N} 0x1%Z]) Mk_annot) Mk_annot)) Mk_annot;
    ReadReg "CFG_ID_AA64PFR0_EL1_EL0" [] (Val_Bits [BV{4%N} 0x1%Z]) Mk_annot;
    ReadReg "CFG_ID_AA64PFR0_EL1_EL1" [] (Val_Bits [BV{4%N} 0x1%Z]) Mk_annot;
    ReadReg "CFG_ID_AA64PFR0_EL1_EL2" [] (Val_Bits [BV{4%N} 0x1%Z]) Mk_annot;
    ReadReg "CFG_ID_AA64PFR0_EL1_EL3" [] (Val_Bits [BV{4%N} 0x1%Z]) Mk_annot;
    Smt (Assert (Unop (Not) (Val (Val_Symbolic 57%Z) Mk_annot) Mk_annot)) Mk_annot;
    ReadReg "__highest_el_aarch32" [] (Val_Bool false) Mk_annot;
    Smt (Assert (Unop (Not) (Val (Val_Symbolic 57%Z) Mk_annot) Mk_annot)) Mk_annot;
    ReadReg "PSTATE" [Field "EL"] (Val_Struct [("M", Val_Symbolic 16%Z); ("E", Val_Symbolic 8%Z); ("DIT", Val_Symbolic 7%Z); ("BTYPE", Val_Symbolic 4%Z); ("J", Val_Symbolic 15%Z); ("I", Val_Symbolic 12%Z); ("SP", Val_Bits [BV{1%N} 0x1%Z]); ("D", Val_Symbolic 6%Z); ("TCO", Val_Symbolic 24%Z); ("Z", Val_Symbolic 27%Z); ("A", Val_Symbolic 3%Z); ("IL", Val_Symbolic 13%Z); ("EL", Val_Bits [BV{2%N} 0x2%Z]); ("IT", Val_Symbolic 14%Z); ("SSBS", Val_Symbolic 22%Z); ("UAO", Val_Symbolic 25%Z); ("T", Val_Symbolic 23%Z); ("nRW", Val_Symbolic 28%Z); ("N", Val_Symbolic 17%Z); ("SS", Val_Symbolic 21%Z); ("Q", Val_Symbolic 19%Z); ("GE", Val_Symbolic 11%Z); ("V", Val_Symbolic 26%Z); ("PAN", Val_Symbolic 18%Z); ("C", Val_Symbolic 5%Z); ("F", Val_Symbolic 10%Z)]) Mk_annot;
    ReadReg "CFG_ID_AA64PFR0_EL1_EL2" [] (Val_Bits [BV{4%N} 0x1%Z]) Mk_annot;
    ReadReg "CFG_ID_AA64PFR0_EL1_EL3" [] (Val_Bits [BV{4%N} 0x1%Z]) Mk_annot;
    ReadReg "CFG_ID_AA64PFR0_EL1_EL3" [] (Val_Bits [BV{4%N} 0x1%Z]) Mk_annot;
    ReadReg "__highest_el_aarch32" [] (Val_Bool false) Mk_annot;
    ReadReg "SCR_EL3" [] (Val_Bits [BV{32%N} 0x0%Z]) Mk_annot;
    ReadReg "CFG_ID_AA64PFR0_EL1_EL2" [] (Val_Bits [BV{4%N} 0x1%Z]) Mk_annot;
    ReadReg "CFG_ID_AA64PFR0_EL1_EL0" [] (Val_Bits [BV{4%N} 0x1%Z]) Mk_annot;
    ReadReg "CFG_ID_AA64PFR0_EL1_EL1" [] (Val_Bits [BV{4%N} 0x1%Z]) Mk_annot;
    ReadReg "CFG_ID_AA64PFR0_EL1_EL2" [] (Val_Bits [BV{4%N} 0x1%Z]) Mk_annot;
    ReadReg "CFG_ID_AA64PFR0_EL1_EL3" [] (Val_Bits [BV{4%N} 0x1%Z]) Mk_annot;
    ReadReg "__v81_implemented" [] (Val_Bool true) Mk_annot;
    ReadReg "__v84_implemented" [] (Val_Bool false) Mk_annot;
    ReadReg "CFG_ID_AA64PFR0_EL1_EL3" [] (Val_Bits [BV{4%N} 0x1%Z]) Mk_annot;
    ReadReg "CFG_ID_AA64PFR0_EL1_EL3" [] (Val_Bits [BV{4%N} 0x1%Z]) Mk_annot;
    ReadReg "__highest_el_aarch32" [] (Val_Bool false) Mk_annot;
    ReadReg "SCR_EL3" [] (Val_Bits [BV{32%N} 0x0%Z]) Mk_annot;
    ReadReg "TCR_EL2" [] (Val_Bits [BV{64%N} 0x0%Z]) Mk_annot;
    ReadReg "__v83_implemented" [] (Val_Bool false) Mk_annot;
    WriteReg "_PC" [] (Val_Symbolic 56%Z) Mk_annot;
    WriteReg "__PC_changed" [] (Val_Bool true) Mk_annot
  ];
  [
    Smt (DeclareConst 3%Z (Ty_BitVec 1%N)) Mk_annot;
    Smt (DeclareConst 4%Z (Ty_BitVec 2%N)) Mk_annot;
    Smt (DeclareConst 5%Z (Ty_BitVec 1%N)) Mk_annot;
    Smt (DeclareConst 6%Z (Ty_BitVec 1%N)) Mk_annot;
    Smt (DeclareConst 7%Z (Ty_BitVec 1%N)) Mk_annot;
    Smt (DeclareConst 8%Z (Ty_BitVec 1%N)) Mk_annot;
    Smt (DeclareConst 10%Z (Ty_BitVec 1%N)) Mk_annot;
    Smt (DeclareConst 11%Z (Ty_BitVec 4%N)) Mk_annot;
    Smt (DeclareConst 12%Z (Ty_BitVec 1%N)) Mk_annot;
    Smt (DeclareConst 13%Z (Ty_BitVec 1%N)) Mk_annot;
    Smt (DeclareConst 14%Z (Ty_BitVec 8%N)) Mk_annot;
    Smt (DeclareConst 15%Z (Ty_BitVec 1%N)) Mk_annot;
    Smt (DeclareConst 16%Z (Ty_BitVec 5%N)) Mk_annot;
    Smt (DeclareConst 17%Z (Ty_BitVec 1%N)) Mk_annot;
    Smt (DeclareConst 18%Z (Ty_BitVec 1%N)) Mk_annot;
    Smt (DeclareConst 19%Z (Ty_BitVec 1%N)) Mk_annot;
    Smt (DeclareConst 21%Z (Ty_BitVec 1%N)) Mk_annot;
    Smt (DeclareConst 22%Z (Ty_BitVec 1%N)) Mk_annot;
    Smt (DeclareConst 23%Z (Ty_BitVec 1%N)) Mk_annot;
    Smt (DeclareConst 24%Z (Ty_BitVec 1%N)) Mk_annot;
    Smt (DeclareConst 25%Z (Ty_BitVec 1%N)) Mk_annot;
    Smt (DeclareConst 26%Z (Ty_BitVec 1%N)) Mk_annot;
    Smt (DeclareConst 27%Z (Ty_BitVec 1%N)) Mk_annot;
    Smt (DeclareConst 28%Z (Ty_BitVec 1%N)) Mk_annot;
    Cycle Mk_annot;
    ReadReg "SEE" [] (Val_I (-1)%Z 128%Z) Mk_annot;
    WriteReg "SEE" [] (Val_I 1498%Z 128%Z) Mk_annot;
    WriteReg "__unconditional" [] (Val_Bool true) Mk_annot;
    ReadReg "__v85_implemented" [] (Val_Bool false) Mk_annot;
    ReadReg "PSTATE" [Field "Z"] (Val_Struct [("M", Val_Symbolic 16%Z); ("E", Val_Symbolic 8%Z); ("DIT", Val_Symbolic 7%Z); ("BTYPE", Val_Symbolic 4%Z); ("J", Val_Symbolic 15%Z); ("I", Val_Symbolic 12%Z); ("SP", Val_Bits [BV{1%N} 0x1%Z]); ("D", Val_Symbolic 6%Z); ("TCO", Val_Symbolic 24%Z); ("Z", Val_Symbolic 27%Z); ("A", Val_Symbolic 3%Z); ("IL", Val_Symbolic 13%Z); ("EL", Val_Bits [BV{2%N} 0x2%Z]); ("IT", Val_Symbolic 14%Z); ("SSBS", Val_Symbolic 22%Z); ("UAO", Val_Symbolic 25%Z); ("T", Val_Symbolic 23%Z); ("nRW", Val_Symbolic 28%Z); ("N", Val_Symbolic 17%Z); ("SS", Val_Symbolic 21%Z); ("Q", Val_Symbolic 19%Z); ("GE", Val_Symbolic 11%Z); ("V", Val_Symbolic 26%Z); ("PAN", Val_Symbolic 18%Z); ("C", Val_Symbolic 5%Z); ("F", Val_Symbolic 10%Z)]) Mk_annot;
    Smt (DefineConst 38%Z (Unop (Not) (Binop (Eq) (Val (Val_Symbolic 27%Z) Mk_annot) (Val (Val_Bits [BV{1%N} 0x1%Z]) Mk_annot) Mk_annot) Mk_annot)) Mk_annot;
    Branch 0%Z "model/aarch64.sail 12137:4 - 12139:5" Mk_annot;
    Smt (Assert (Unop (Not) (Val (Val_Symbolic 38%Z) Mk_annot) Mk_annot)) Mk_annot
  ]
].
