From isla Require Import isla_lang.

Definition trace : list trc := [
  [
    ReadReg "R" [] (Val_Bits [BV{4%N} 0x0%Z]) Mk_annot;
    ReadReg "R" [] (Val_Bits [BV{32%N} 0x0%Z]) Mk_annot;
    ReadReg "R" [] (Val_Bits [BV{4%N} 0x1%Z]) Mk_annot;
    ReadReg "R" [] (Val_Bits [BV{32%N} 0xdeadbeef%Z]) Mk_annot;
    ReadReg "R" [] (Val_Bits [BV{32%N} 0xbeef%Z]) Mk_annot;
    ReadReg "R" [] (Val_Bits [BV{1%N} 0x0%Z]) Mk_annot;
    ReadReg "R" [] (Val_Bits [BV{1%N} 0x1%Z]) Mk_annot;
    ReadReg "R" [] (Val_Bits [BV{8%N} 0x49%Z]) Mk_annot;
    ReadReg "R" [] (Val_Bits [BV{14%N} 0x1249%Z]) Mk_annot;
    ReadReg "R" [] (Val_Bits [BV{3%N} 0x2%Z]) Mk_annot
  ]
].
